build	Set up job	ï»¿2025-12-18T19:00:41.3268776Z Current runner version: '2.330.0'
build	Set up job	2025-12-18T19:00:41.3294211Z ##[group]Runner Image Provisioner
build	Set up job	2025-12-18T19:00:41.3295030Z Hosted Compute Agent
build	Set up job	2025-12-18T19:00:41.3295593Z Version: 20251211.462
build	Set up job	2025-12-18T19:00:41.3296226Z Commit: 6cbad8c2bb55d58165063d031ccabf57e2d2db61
build	Set up job	2025-12-18T19:00:41.3296954Z Build Date: 2025-12-11T16:28:49Z
build	Set up job	2025-12-18T19:00:41.3297586Z Worker ID: {04d226c4-3eb6-4d47-bbbf-90790e9a06ac}
build	Set up job	2025-12-18T19:00:41.3298342Z ##[endgroup]
build	Set up job	2025-12-18T19:00:41.3298894Z ##[group]Operating System
build	Set up job	2025-12-18T19:00:41.3299419Z Ubuntu
build	Set up job	2025-12-18T19:00:41.3300231Z 24.04.3
build	Set up job	2025-12-18T19:00:41.3300699Z LTS
build	Set up job	2025-12-18T19:00:41.3301164Z ##[endgroup]
build	Set up job	2025-12-18T19:00:41.3301743Z ##[group]Runner Image
build	Set up job	2025-12-18T19:00:41.3302262Z Image: ubuntu-24.04
build	Set up job	2025-12-18T19:00:41.3302775Z Version: 20251215.174.1
build	Set up job	2025-12-18T19:00:41.3303846Z Included Software: https://github.com/actions/runner-images/blob/ubuntu24/20251215.174/images/ubuntu/Ubuntu2404-Readme.md
build	Set up job	2025-12-18T19:00:41.3305197Z Image Release: https://github.com/actions/runner-images/releases/tag/ubuntu24%2F20251215.174
build	Set up job	2025-12-18T19:00:41.3306486Z ##[endgroup]
build	Set up job	2025-12-18T19:00:41.3307474Z ##[group]GITHUB_TOKEN Permissions
build	Set up job	2025-12-18T19:00:41.3309303Z Contents: read
build	Set up job	2025-12-18T19:00:41.3310082Z Metadata: read
build	Set up job	2025-12-18T19:00:41.3310586Z ##[endgroup]
build	Set up job	2025-12-18T19:00:41.3312767Z Secret source: Actions
build	Set up job	2025-12-18T19:00:41.3313501Z Prepare workflow directory
build	Set up job	2025-12-18T19:00:41.3628750Z Prepare all required actions
build	Set up job	2025-12-18T19:00:41.3666616Z Getting action download info
build	Set up job	2025-12-18T19:00:41.6546319Z Download action repository 'actions/checkout@v4' (SHA:34e114876b0b11c390a56381ad16ebd13914f8d5)
build	Set up job	2025-12-18T19:00:41.7356749Z Download action repository 'actions/setup-node@v4' (SHA:49933ea5288caeca8642d1e84afbd3f7d6820020)
build	Set up job	2025-12-18T19:00:41.9243738Z Complete job name: build
build	Run actions/checkout@v4	ï»¿2025-12-18T19:00:41.9910404Z ##[group]Run actions/checkout@v4
build	Run actions/checkout@v4	2025-12-18T19:00:41.9911278Z with:
build	Run actions/checkout@v4	2025-12-18T19:00:41.9911785Z   repository: AlambritoDito/WhatsApp-wrapper-ULTRAGUAY
build	Run actions/checkout@v4	2025-12-18T19:00:41.9912559Z   token: ***
build	Run actions/checkout@v4	2025-12-18T19:00:41.9912941Z   ssh-strict: true
build	Run actions/checkout@v4	2025-12-18T19:00:41.9913336Z   ssh-user: git
build	Run actions/checkout@v4	2025-12-18T19:00:41.9913741Z   persist-credentials: true
build	Run actions/checkout@v4	2025-12-18T19:00:41.9914189Z   clean: true
build	Run actions/checkout@v4	2025-12-18T19:00:41.9914595Z   sparse-checkout-cone-mode: true
build	Run actions/checkout@v4	2025-12-18T19:00:41.9915076Z   fetch-depth: 1
build	Run actions/checkout@v4	2025-12-18T19:00:41.9915467Z   fetch-tags: false
build	Run actions/checkout@v4	2025-12-18T19:00:41.9915869Z   show-progress: true
build	Run actions/checkout@v4	2025-12-18T19:00:41.9916266Z   lfs: false
build	Run actions/checkout@v4	2025-12-18T19:00:41.9916637Z   submodules: false
build	Run actions/checkout@v4	2025-12-18T19:00:41.9917035Z   set-safe-directory: true
build	Run actions/checkout@v4	2025-12-18T19:00:41.9917693Z ##[endgroup]
build	Run actions/checkout@v4	2025-12-18T19:00:42.0995085Z Syncing repository: AlambritoDito/WhatsApp-wrapper-ULTRAGUAY
build	Run actions/checkout@v4	2025-12-18T19:00:42.0996916Z ##[group]Getting Git version info
build	Run actions/checkout@v4	2025-12-18T19:00:42.0997886Z Working directory is '/home/runner/work/WhatsApp-wrapper-ULTRAGUAY/WhatsApp-wrapper-ULTRAGUAY'
build	Run actions/checkout@v4	2025-12-18T19:00:42.0999150Z [command]/usr/bin/git version
build	Run actions/checkout@v4	2025-12-18T19:00:42.1068646Z git version 2.52.0
build	Run actions/checkout@v4	2025-12-18T19:00:42.1094530Z ##[endgroup]
build	Run actions/checkout@v4	2025-12-18T19:00:42.1108029Z Temporarily overriding HOME='/home/runner/work/_temp/618f6522-5459-4de0-9c21-fccb96298c6c' before making global git config changes
build	Run actions/checkout@v4	2025-12-18T19:00:42.1109441Z Adding repository directory to the temporary git global config as a safe directory
build	Run actions/checkout@v4	2025-12-18T19:00:42.1120081Z [command]/usr/bin/git config --global --add safe.directory /home/runner/work/WhatsApp-wrapper-ULTRAGUAY/WhatsApp-wrapper-ULTRAGUAY
build	Run actions/checkout@v4	2025-12-18T19:00:42.1157035Z Deleting the contents of '/home/runner/work/WhatsApp-wrapper-ULTRAGUAY/WhatsApp-wrapper-ULTRAGUAY'
build	Run actions/checkout@v4	2025-12-18T19:00:42.1160437Z ##[group]Initializing the repository
build	Run actions/checkout@v4	2025-12-18T19:00:42.1164589Z [command]/usr/bin/git init /home/runner/work/WhatsApp-wrapper-ULTRAGUAY/WhatsApp-wrapper-ULTRAGUAY
build	Run actions/checkout@v4	2025-12-18T19:00:42.1262755Z hint: Using 'master' as the name for the initial branch. This default branch name
build	Run actions/checkout@v4	2025-12-18T19:00:42.1264136Z hint: will change to "main" in Git 3.0. To configure the initial branch name
build	Run actions/checkout@v4	2025-12-18T19:00:42.1265065Z hint: to use in all of your new repositories, which will suppress this warning,
build	Run actions/checkout@v4	2025-12-18T19:00:42.1266615Z hint: call:
build	Run actions/checkout@v4	2025-12-18T19:00:42.1267217Z hint:
build	Run actions/checkout@v4	2025-12-18T19:00:42.1267857Z hint: 	git config --global init.defaultBranch <name>
build	Run actions/checkout@v4	2025-12-18T19:00:42.1268920Z hint:
build	Run actions/checkout@v4	2025-12-18T19:00:42.1270172Z hint: Names commonly chosen instead of 'master' are 'main', 'trunk' and
build	Run actions/checkout@v4	2025-12-18T19:00:42.1272087Z hint: 'development'. The just-created branch can be renamed via this command:
build	Run actions/checkout@v4	2025-12-18T19:00:42.1273411Z hint:
build	Run actions/checkout@v4	2025-12-18T19:00:42.1274149Z hint: 	git branch -m <name>
build	Run actions/checkout@v4	2025-12-18T19:00:42.1274978Z hint:
build	Run actions/checkout@v4	2025-12-18T19:00:42.1276017Z hint: Disable this message with "git config set advice.defaultBranchName false"
build	Run actions/checkout@v4	2025-12-18T19:00:42.1278194Z Initialized empty Git repository in /home/runner/work/WhatsApp-wrapper-ULTRAGUAY/WhatsApp-wrapper-ULTRAGUAY/.git/
build	Run actions/checkout@v4	2025-12-18T19:00:42.1281934Z [command]/usr/bin/git remote add origin https://github.com/AlambritoDito/WhatsApp-wrapper-ULTRAGUAY
build	Run actions/checkout@v4	2025-12-18T19:00:42.1314498Z ##[endgroup]
build	Run actions/checkout@v4	2025-12-18T19:00:42.1315718Z ##[group]Disabling automatic garbage collection
build	Run actions/checkout@v4	2025-12-18T19:00:42.1319523Z [command]/usr/bin/git config --local gc.auto 0
build	Run actions/checkout@v4	2025-12-18T19:00:42.1347747Z ##[endgroup]
build	Run actions/checkout@v4	2025-12-18T19:00:42.1348948Z ##[group]Setting up auth
build	Run actions/checkout@v4	2025-12-18T19:00:42.1355297Z [command]/usr/bin/git config --local --name-only --get-regexp core\.sshCommand
build	Run actions/checkout@v4	2025-12-18T19:00:42.1385605Z [command]/usr/bin/git submodule foreach --recursive sh -c "git config --local --name-only --get-regexp 'core\.sshCommand' && git config --local --unset-all 'core.sshCommand' || :"
build	Run actions/checkout@v4	2025-12-18T19:00:42.1705418Z [command]/usr/bin/git config --local --name-only --get-regexp http\.https\:\/\/github\.com\/\.extraheader
build	Run actions/checkout@v4	2025-12-18T19:00:42.1733555Z [command]/usr/bin/git submodule foreach --recursive sh -c "git config --local --name-only --get-regexp 'http\.https\:\/\/github\.com\/\.extraheader' && git config --local --unset-all 'http.https://github.com/.extraheader' || :"
build	Run actions/checkout@v4	2025-12-18T19:00:42.1950683Z [command]/usr/bin/git config --local --name-only --get-regexp ^includeIf\.gitdir:
build	Run actions/checkout@v4	2025-12-18T19:00:42.1981423Z [command]/usr/bin/git submodule foreach --recursive git config --local --show-origin --name-only --get-regexp remote.origin.url
build	Run actions/checkout@v4	2025-12-18T19:00:42.2200568Z [command]/usr/bin/git config --local http.https://github.com/.extraheader AUTHORIZATION: basic ***
build	Run actions/checkout@v4	2025-12-18T19:00:42.2233967Z ##[endgroup]
build	Run actions/checkout@v4	2025-12-18T19:00:42.2235196Z ##[group]Fetching the repository
build	Run actions/checkout@v4	2025-12-18T19:00:42.2243573Z [command]/usr/bin/git -c protocol.version=2 fetch --no-tags --prune --no-recurse-submodules --depth=1 origin +d4c99503fdc495ea238bf1cac15e893f7bf4f99d:refs/remotes/origin/main
build	Run actions/checkout@v4	2025-12-18T19:00:42.3964804Z From https://github.com/AlambritoDito/WhatsApp-wrapper-ULTRAGUAY
build	Run actions/checkout@v4	2025-12-18T19:00:42.3967826Z  * [new ref]         d4c99503fdc495ea238bf1cac15e893f7bf4f99d -> origin/main
build	Run actions/checkout@v4	2025-12-18T19:00:42.3996333Z ##[endgroup]
build	Run actions/checkout@v4	2025-12-18T19:00:42.3997504Z ##[group]Determining the checkout info
build	Run actions/checkout@v4	2025-12-18T19:00:42.3999150Z ##[endgroup]
build	Run actions/checkout@v4	2025-12-18T19:00:42.4004875Z [command]/usr/bin/git sparse-checkout disable
build	Run actions/checkout@v4	2025-12-18T19:00:42.4044283Z [command]/usr/bin/git config --local --unset-all extensions.worktreeConfig
build	Run actions/checkout@v4	2025-12-18T19:00:42.4069559Z ##[group]Checking out the ref
build	Run actions/checkout@v4	2025-12-18T19:00:42.4074100Z [command]/usr/bin/git checkout --progress --force -B main refs/remotes/origin/main
build	Run actions/checkout@v4	2025-12-18T19:00:42.4228479Z Switched to a new branch 'main'
build	Run actions/checkout@v4	2025-12-18T19:00:42.4231864Z branch 'main' set up to track 'origin/main'.
build	Run actions/checkout@v4	2025-12-18T19:00:42.4239010Z ##[endgroup]
build	Run actions/checkout@v4	2025-12-18T19:00:42.4273354Z [command]/usr/bin/git log -1 --format=%H
build	Run actions/checkout@v4	2025-12-18T19:00:42.4294818Z d4c99503fdc495ea238bf1cac15e893f7bf4f99d
build	Run actions/setup-node@v4	ï»¿2025-12-18T19:00:42.4531756Z ##[group]Run actions/setup-node@v4
build	Run actions/setup-node@v4	2025-12-18T19:00:42.4532307Z with:
build	Run actions/setup-node@v4	2025-12-18T19:00:42.4532674Z   node-version: 20.x
build	Run actions/setup-node@v4	2025-12-18T19:00:42.4533143Z   registry-url: https://registry.npmjs.org
build	Run actions/setup-node@v4	2025-12-18T19:00:42.4533720Z   always-auth: false
build	Run actions/setup-node@v4	2025-12-18T19:00:42.4534184Z   check-latest: false
build	Run actions/setup-node@v4	2025-12-18T19:00:42.4534787Z   token: ***
build	Run actions/setup-node@v4	2025-12-18T19:00:42.4535356Z ##[endgroup]
build	Run actions/setup-node@v4	2025-12-18T19:00:42.6360096Z Found in cache @ /opt/hostedtoolcache/node/20.19.6/x64
build	Run actions/setup-node@v4	2025-12-18T19:00:42.6362206Z ##[group]Environment details
build	Run actions/setup-node@v4	2025-12-18T19:00:42.9504636Z node: v20.19.6
build	Run actions/setup-node@v4	2025-12-18T19:00:42.9506381Z npm: 10.8.2
build	Run actions/setup-node@v4	2025-12-18T19:00:42.9507509Z yarn: 1.22.22
build	Run actions/setup-node@v4	2025-12-18T19:00:42.9509492Z ##[endgroup]
build	Run npm ci	ï»¿2025-12-18T19:00:42.9664561Z ##[group]Run npm ci
build	Run npm ci	2025-12-18T19:00:42.9665590Z [36;1mnpm ci[0m
build	Run npm ci	2025-12-18T19:00:42.9709058Z shell: /usr/bin/bash -e {0}
build	Run npm ci	2025-12-18T19:00:42.9710356Z env:
build	Run npm ci	2025-12-18T19:00:42.9711365Z   NPM_CONFIG_USERCONFIG: /home/runner/work/_temp/.npmrc
build	Run npm ci	2025-12-18T19:00:42.9712846Z   NODE_AUTH_TOKEN: XXXXX-XXXXX-XXXXX-XXXXX
build	Run npm ci	2025-12-18T19:00:42.9714094Z ##[endgroup]
build	Run npm ci	2025-12-18T19:00:46.5126717Z npm warn deprecated rimraf@2.7.1: Rimraf versions prior to v4 are no longer supported
build	Run npm ci	2025-12-18T19:00:47.2369437Z npm warn deprecated inflight@1.0.6: This module is not supported, and leaks memory. Do not use it. Check out lru-cache if you want a good and tested way to coalesce async requests by a key value, which is much more comprehensive and powerful.
build	Run npm ci	2025-12-18T19:00:47.3971742Z npm warn deprecated glob@7.2.3: Glob versions prior to v9 are no longer supported
build	Run npm ci	2025-12-18T19:00:51.0783091Z 
build	Run npm ci	2025-12-18T19:00:51.0783976Z > @brito/whatsapp-wrapper-ultra@1.1.0 prepare
build	Run npm ci	2025-12-18T19:00:51.0784653Z > npm run build
build	Run npm ci	2025-12-18T19:00:51.0784991Z 
build	Run npm ci	2025-12-18T19:00:51.1905944Z 
build	Run npm ci	2025-12-18T19:00:51.1906878Z > @brito/whatsapp-wrapper-ultra@1.1.0 build
build	Run npm ci	2025-12-18T19:00:51.1907741Z > tsc -p tsconfig.build.json
build	Run npm ci	2025-12-18T19:00:51.1908132Z 
build	Run npm ci	2025-12-18T19:00:53.0161229Z 
build	Run npm ci	2025-12-18T19:00:53.0162356Z added 819 packages, and audited 820 packages in 10s
build	Run npm ci	2025-12-18T19:00:53.0162819Z 
build	Run npm ci	2025-12-18T19:00:53.0163025Z 171 packages are looking for funding
build	Run npm ci	2025-12-18T19:00:53.0163420Z   run `npm fund` for details
build	Run npm ci	2025-12-18T19:00:53.0216722Z 
build	Run npm ci	2025-12-18T19:00:53.0217164Z 3 vulnerabilities (1 low, 1 moderate, 1 high)
build	Run npm ci	2025-12-18T19:00:53.0217571Z 
build	Run npm ci	2025-12-18T19:00:53.0217829Z To address all issues, run:
build	Run npm ci	2025-12-18T19:00:53.0218355Z   npm audit fix
build	Run npm ci	2025-12-18T19:00:53.0218597Z 
build	Run npm ci	2025-12-18T19:00:53.0218820Z Run `npm audit` for details.
build	Run npm run build	ï»¿2025-12-18T19:00:53.0516795Z ##[group]Run npm run build
build	Run npm run build	2025-12-18T19:00:53.0517108Z [36;1mnpm run build[0m
build	Run npm run build	2025-12-18T19:00:53.0551696Z shell: /usr/bin/bash -e {0}
build	Run npm run build	2025-12-18T19:00:53.0551966Z env:
build	Run npm run build	2025-12-18T19:00:53.0552202Z   NPM_CONFIG_USERCONFIG: /home/runner/work/_temp/.npmrc
build	Run npm run build	2025-12-18T19:00:53.0552533Z   NODE_AUTH_TOKEN: XXXXX-XXXXX-XXXXX-XXXXX
build	Run npm run build	2025-12-18T19:00:53.0552791Z ##[endgroup]
build	Run npm run build	2025-12-18T19:00:53.1661013Z 
build	Run npm run build	2025-12-18T19:00:53.1661752Z > @brito/whatsapp-wrapper-ultra@1.1.0 build
build	Run npm run build	2025-12-18T19:00:53.1662408Z > tsc -p tsconfig.build.json
build	Run npm run build	2025-12-18T19:00:53.1662602Z 
build	Run npm publish --provenance --access public	ï»¿2025-12-18T19:00:55.0914626Z ##[group]Run npm publish --provenance --access public
build	Run npm publish --provenance --access public	2025-12-18T19:00:55.0915072Z [36;1mnpm publish --provenance --access public[0m
build	Run npm publish --provenance --access public	2025-12-18T19:00:55.0947765Z shell: /usr/bin/bash -e {0}
build	Run npm publish --provenance --access public	2025-12-18T19:00:55.0947998Z env:
build	Run npm publish --provenance --access public	2025-12-18T19:00:55.0948227Z   NPM_CONFIG_USERCONFIG: /home/runner/work/_temp/.npmrc
build	Run npm publish --provenance --access public	2025-12-18T19:00:55.0948821Z   NODE_AUTH_TOKEN: ***
build	Run npm publish --provenance --access public	2025-12-18T19:00:55.0949033Z ##[endgroup]
build	Run npm publish --provenance --access public	2025-12-18T19:00:55.4505925Z 
build	Run npm publish --provenance --access public	2025-12-18T19:00:55.4506504Z > @brito/whatsapp-wrapper-ultra@1.1.0 prepublishOnly
build	Run npm publish --provenance --access public	2025-12-18T19:00:55.4507147Z > npm test && npm run build
build	Run npm publish --provenance --access public	2025-12-18T19:00:55.4507453Z 
build	Run npm publish --provenance --access public	2025-12-18T19:00:55.5700529Z 
build	Run npm publish --provenance --access public	2025-12-18T19:00:55.5701217Z > @brito/whatsapp-wrapper-ultra@1.1.0 test
build	Run npm publish --provenance --access public	2025-12-18T19:00:55.5701789Z > jest
build	Run npm publish --provenance --access public	2025-12-18T19:00:55.5702001Z 
build	Run npm publish --provenance --access public	2025-12-18T19:01:00.6370959Z PASS tests/mediaClient.test.ts
build	Run npm publish --provenance --access public	2025-12-18T19:01:00.8491744Z PASS tests/whatsappWrapper.test.ts
build	Run npm publish --provenance --access public	2025-12-18T19:01:00.8851305Z PASS tests/parseIncoming.test.ts
build	Run npm publish --provenance --access public	2025-12-18T19:01:01.0990350Z PASS tests/sendText.test.ts
build	Run npm publish --provenance --access public	2025-12-18T19:01:01.1644955Z PASS tests/storageAdapters.test.ts
build	Run npm publish --provenance --access public	2025-12-18T19:01:01.2079119Z 
build	Run npm publish --provenance --access public	2025-12-18T19:01:01.2083210Z Test Suites: 5 passed, 5 total
build	Run npm publish --provenance --access public	2025-12-18T19:01:01.2083773Z Tests:       7 passed, 7 total
build	Run npm publish --provenance --access public	2025-12-18T19:01:01.2084176Z Snapshots:   0 total
build	Run npm publish --provenance --access public	2025-12-18T19:01:01.2085053Z Time:        5.251 s
build	Run npm publish --provenance --access public	2025-12-18T19:01:01.2085457Z Ran all test suites.
build	Run npm publish --provenance --access public	2025-12-18T19:01:01.3306534Z 
build	Run npm publish --provenance --access public	2025-12-18T19:01:01.3307292Z > @brito/whatsapp-wrapper-ultra@1.1.0 build
build	Run npm publish --provenance --access public	2025-12-18T19:01:01.3307829Z > tsc -p tsconfig.build.json
build	Run npm publish --provenance --access public	2025-12-18T19:01:01.3308132Z 
build	Run npm publish --provenance --access public	2025-12-18T19:01:03.1340792Z 
build	Run npm publish --provenance --access public	2025-12-18T19:01:03.1341414Z > @brito/whatsapp-wrapper-ultra@1.1.0 prepare
build	Run npm publish --provenance --access public	2025-12-18T19:01:03.1341789Z > npm run build
build	Run npm publish --provenance --access public	2025-12-18T19:01:03.1341919Z 
build	Run npm publish --provenance --access public	2025-12-18T19:01:03.2420289Z 
build	Run npm publish --provenance --access public	2025-12-18T19:01:03.2420949Z > @brito/whatsapp-wrapper-ultra@1.1.0 build
build	Run npm publish --provenance --access public	2025-12-18T19:01:03.2421602Z > tsc -p tsconfig.build.json
build	Run npm publish --provenance --access public	2025-12-18T19:01:03.2421875Z 
build	Run npm publish --provenance --access public	2025-12-18T19:01:05.3335485Z npm notice
build	Run npm publish --provenance --access public	2025-12-18T19:01:05.3337164Z npm notice ðŸ“¦  @brito/whatsapp-wrapper-ultra@1.1.0
build	Run npm publish --provenance --access public	2025-12-18T19:01:05.3337797Z npm notice Tarball Contents
build	Run npm publish --provenance --access public	2025-12-18T19:01:05.3340528Z npm notice 1.1kB LICENSE
build	Run npm publish --provenance --access public	2025-12-18T19:01:05.3341998Z npm notice 9.2kB README.md
build	Run npm publish --provenance --access public	2025-12-18T19:01:05.3342846Z npm notice 267B dist/config/metaConfig.d.ts
build	Run npm publish --provenance --access public	2025-12-18T19:01:05.3344610Z npm notice 855B dist/config/metaConfig.js
build	Run npm publish --provenance --access public	2025-12-18T19:01:05.3345335Z npm notice 84B dist/errors/StorageNotConfiguredError.d.ts
build	Run npm publish --provenance --access public	2025-12-18T19:01:05.3346185Z npm notice 309B dist/errors/StorageNotConfiguredError.js
build	Run npm publish --provenance --access public	2025-12-18T19:01:05.3346924Z npm notice 211B dist/errors/WhatsAppError.d.ts
build	Run npm publish --provenance --access public	2025-12-18T19:01:05.3347574Z npm notice 384B dist/errors/WhatsAppError.js
build	Run npm publish --provenance --access public	2025-12-18T19:01:05.3348216Z npm notice 87B dist/http/httpClient.d.ts
build	Run npm publish --provenance --access public	2025-12-18T19:01:05.3348823Z npm notice 737B dist/http/httpClient.js
build	Run npm publish --provenance --access public	2025-12-18T19:01:05.3349489Z npm notice 177B dist/http/retryInterceptor.d.ts
build	Run npm publish --provenance --access public	2025-12-18T19:01:05.3350386Z npm notice 661B dist/http/retryInterceptor.js
build	Run npm publish --provenance --access public	2025-12-18T19:01:05.3350984Z npm notice 521B dist/index.d.ts
build	Run npm publish --provenance --access public	2025-12-18T19:01:05.3351508Z npm notice 2.2kB dist/index.js
build	Run npm publish --provenance --access public	2025-12-18T19:01:05.3352151Z npm notice 472B dist/media/MediaClient.d.ts
build	Run npm publish --provenance --access public	2025-12-18T19:01:05.3352808Z npm notice 2.1kB dist/media/MediaClient.js
build	Run npm publish --provenance --access public	2025-12-18T19:01:05.3353455Z npm notice 934B dist/receive/parseIncoming.d.ts
build	Run npm publish --provenance --access public	2025-12-18T19:01:05.3354080Z npm notice 1.8kB dist/receive/parseIncoming.js
build	Run npm publish --provenance --access public	2025-12-18T19:01:05.3354688Z npm notice 370B dist/receive/webhookServer.d.ts
build	Run npm publish --provenance --access public	2025-12-18T19:01:05.3355301Z npm notice 3.6kB dist/receive/webhookServer.js
build	Run npm publish --provenance --access public	2025-12-18T19:01:05.3355930Z npm notice 157B dist/send/sendInteractive.d.ts
build	Run npm publish --provenance --access public	2025-12-18T19:01:05.3356546Z npm notice 568B dist/send/sendInteractive.js
build	Run npm publish --provenance --access public	2025-12-18T19:01:05.3357189Z npm notice 135B dist/send/sendLocation.d.ts
build	Run npm publish --provenance --access public	2025-12-18T19:01:05.3357734Z npm notice 484B dist/send/sendLocation.js
build	Run npm publish --provenance --access public	2025-12-18T19:01:05.3358356Z npm notice 90B dist/send/sendLocationRequest.d.ts
build	Run npm publish --provenance --access public	2025-12-18T19:01:05.3358981Z npm notice 589B dist/send/sendLocationRequest.js
build	Run npm publish --provenance --access public	2025-12-18T19:01:05.3359560Z npm notice 204B dist/send/sendTemplate.d.ts
build	Run npm publish --provenance --access public	2025-12-18T19:01:05.3360667Z npm notice 558B dist/send/sendTemplate.js
build	Run npm publish --provenance --access public	2025-12-18T19:01:05.3361233Z npm notice 78B dist/send/sendText.d.ts
build	Run npm publish --provenance --access public	2025-12-18T19:01:05.3361768Z npm notice 386B dist/send/sendText.js
build	Run npm publish --provenance --access public	2025-12-18T19:01:05.3362390Z npm notice 363B dist/storage/DiskStorageAdapter.d.ts
build	Run npm publish --provenance --access public	2025-12-18T19:01:05.3363133Z npm notice 1.1kB dist/storage/DiskStorageAdapter.js
build	Run npm publish --provenance --access public	2025-12-18T19:01:05.3363815Z npm notice 547B dist/storage/S3StorageAdapter.d.ts
build	Run npm publish --provenance --access public	2025-12-18T19:01:05.3364443Z npm notice 891B dist/storage/S3StorageAdapter.js
build	Run npm publish --provenance --access public	2025-12-18T19:01:05.3365066Z npm notice 222B dist/storage/StorageAdapter.d.ts
build	Run npm publish --provenance --access public	2025-12-18T19:01:05.3365686Z npm notice 77B dist/storage/StorageAdapter.js
build	Run npm publish --provenance --access public	2025-12-18T19:01:05.3366257Z npm notice 0B dist/types/Errors.d.ts
build	Run npm publish --provenance --access public	2025-12-18T19:01:05.3366771Z npm notice 14B dist/types/Errors.js
build	Run npm publish --provenance --access public	2025-12-18T19:01:05.3367324Z npm notice 959B dist/types/WhatsApp.d.ts
build	Run npm publish --provenance --access public	2025-12-18T19:01:05.3367878Z npm notice 77B dist/types/WhatsApp.js
build	Run npm publish --provenance --access public	2025-12-18T19:01:05.3368478Z npm notice 60B dist/utils/formatPhone.d.ts
build	Run npm publish --provenance --access public	2025-12-18T19:01:05.3369095Z npm notice 185B dist/utils/formatPhone.js
build	Run npm publish --provenance --access public	2025-12-18T19:01:05.3369865Z npm notice 360B dist/utils/logger.d.ts
build	Run npm publish --provenance --access public	2025-12-18T19:01:05.3370443Z npm notice 198B dist/utils/logger.js
build	Run npm publish --provenance --access public	2025-12-18T19:01:05.3371011Z npm notice 487B dist/utils/verifySignature.d.ts
build	Run npm publish --provenance --access public	2025-12-18T19:01:05.3371893Z npm notice 1.2kB dist/utils/verifySignature.js
build	Run npm publish --provenance --access public	2025-12-18T19:01:05.3372514Z npm notice 1.0kB dist/whatsappWrapper.d.ts
build	Run npm publish --provenance --access public	2025-12-18T19:01:05.3373141Z npm notice 2.2kB dist/whatsappWrapper.js
build	Run npm publish --provenance --access public	2025-12-18T19:01:05.3373608Z npm notice 2.3kB package.json
build	Run npm publish --provenance --access public	2025-12-18T19:01:05.3374032Z npm notice Tarball Details
build	Run npm publish --provenance --access public	2025-12-18T19:01:05.3374580Z npm notice name: @brito/whatsapp-wrapper-ultra
build	Run npm publish --provenance --access public	2025-12-18T19:01:05.3375110Z npm notice version: 1.1.0
build	Run npm publish --provenance --access public	2025-12-18T19:01:05.3375780Z npm notice filename: brito-whatsapp-wrapper-ultra-1.1.0.tgz
build	Run npm publish --provenance --access public	2025-12-18T19:01:05.3376497Z npm notice package size: 12.8 kB
build	Run npm publish --provenance --access public	2025-12-18T19:01:05.3377008Z npm notice unpacked size: 41.6 kB
build	Run npm publish --provenance --access public	2025-12-18T19:01:05.3377652Z npm notice shasum: 405296154dc274d15b1f274a981a9e9cece1fb7b
build	Run npm publish --provenance --access public	2025-12-18T19:01:05.3378467Z npm notice integrity: sha512-t/j1vYDp+BkAe[...]pVSr6lHqZr4VA==
build	Run npm publish --provenance --access public	2025-12-18T19:01:05.3379084Z npm notice total files: 49
build	Run npm publish --provenance --access public	2025-12-18T19:01:05.3379449Z npm notice
build	Run npm publish --provenance --access public	2025-12-18T19:01:05.3380472Z npm notice Publishing to https://registry.npmjs.org/ with tag latest and public access
build	Run npm publish --provenance --access public	2025-12-18T19:01:05.9306408Z npm notice publish Signed provenance statement with source and build information from GitHub Actions
build	Run npm publish --provenance --access public	2025-12-18T19:01:05.9307408Z npm notice publish Provenance statement published to transparency log: https://search.sigstore.dev/?logIndex=771543847
build	Run npm publish --provenance --access public	2025-12-18T19:01:06.2632545Z npm notice Access token expired or revoked. Please try logging in again.
build	Run npm publish --provenance --access public	2025-12-18T19:01:06.2667125Z npm error code E404
build	Run npm publish --provenance --access public	2025-12-18T19:01:06.2668042Z npm error 404 Not Found - PUT https://registry.npmjs.org/@brito%2fwhatsapp-wrapper-ultra - Not found
build	Run npm publish --provenance --access public	2025-12-18T19:01:06.2668779Z npm error 404
build	Run npm publish --provenance --access public	2025-12-18T19:01:06.2669438Z npm error 404  '@brito/whatsapp-wrapper-ultra@1.1.0' is not in this registry.
build	Run npm publish --provenance --access public	2025-12-18T19:01:06.2670369Z npm error 404
build	Run npm publish --provenance --access public	2025-12-18T19:01:06.2670921Z npm error 404 Note that you can also install from a
build	Run npm publish --provenance --access public	2025-12-18T19:01:06.2671391Z npm error 404 tarball, folder, http url, or git url.
build	Run npm publish --provenance --access public	2025-12-18T19:01:06.2678104Z npm error A complete log of this run can be found in: /home/runner/.npm/_logs/2025-12-18T19_00_55_154Z-debug-0.log
build	Run npm publish --provenance --access public	2025-12-18T19:01:06.2766043Z ##[error]Process completed with exit code 1.
build	Post Run actions/checkout@v4	ï»¿2025-12-18T19:01:06.2863310Z Post job cleanup.
build	Post Run actions/checkout@v4	2025-12-18T19:01:06.3802869Z [command]/usr/bin/git version
build	Post Run actions/checkout@v4	2025-12-18T19:01:06.3838723Z git version 2.52.0
build	Post Run actions/checkout@v4	2025-12-18T19:01:06.3882229Z Temporarily overriding HOME='/home/runner/work/_temp/7fc9efde-a7f7-4d39-ab0d-990b83c0263a' before making global git config changes
build	Post Run actions/checkout@v4	2025-12-18T19:01:06.3883734Z Adding repository directory to the temporary git global config as a safe directory
build	Post Run actions/checkout@v4	2025-12-18T19:01:06.3889072Z [command]/usr/bin/git config --global --add safe.directory /home/runner/work/WhatsApp-wrapper-ULTRAGUAY/WhatsApp-wrapper-ULTRAGUAY
build	Post Run actions/checkout@v4	2025-12-18T19:01:06.3928145Z [command]/usr/bin/git config --local --name-only --get-regexp core\.sshCommand
build	Post Run actions/checkout@v4	2025-12-18T19:01:06.3960285Z [command]/usr/bin/git submodule foreach --recursive sh -c "git config --local --name-only --get-regexp 'core\.sshCommand' && git config --local --unset-all 'core.sshCommand' || :"
build	Post Run actions/checkout@v4	2025-12-18T19:01:06.4185011Z [command]/usr/bin/git config --local --name-only --get-regexp http\.https\:\/\/github\.com\/\.extraheader
build	Post Run actions/checkout@v4	2025-12-18T19:01:06.4205060Z http.https://github.com/.extraheader
build	Post Run actions/checkout@v4	2025-12-18T19:01:06.4218316Z [command]/usr/bin/git config --local --unset-all http.https://github.com/.extraheader
build	Post Run actions/checkout@v4	2025-12-18T19:01:06.4249205Z [command]/usr/bin/git submodule foreach --recursive sh -c "git config --local --name-only --get-regexp 'http\.https\:\/\/github\.com\/\.extraheader' && git config --local --unset-all 'http.https://github.com/.extraheader' || :"
build	Post Run actions/checkout@v4	2025-12-18T19:01:06.4465801Z [command]/usr/bin/git config --local --name-only --get-regexp ^includeIf\.gitdir:
build	Post Run actions/checkout@v4	2025-12-18T19:01:06.4496470Z [command]/usr/bin/git submodule foreach --recursive git config --local --show-origin --name-only --get-regexp remote.origin.url
build	Complete job	ï»¿2025-12-18T19:01:06.4821892Z Cleaning up orphan processes
